::1 - - [25/Jul/2026 03:16:31] "GET / HTTP/1.1" 200 -
::1 - - [25/Jul/2026 03:17:18] "GET / HTTP/1.1" 200 -
::1 - - [25/Jul/2026 03:17:18] "GET /styles.css HTTP/1.1" 200 -
::1 - - [25/Jul/2026 03:17:18] "GET /assets/images/hero_tile_bg_1784936174808.jpg HTTP/1.1" 304 -
::1 - - [25/Jul/2026 03:17:18] "GET /app.js HTTP/1.1" 200 -
::1 - - [25/Jul/2026 03:17:19] "GET /assets/images/3d_bathroom_showcase_1784936213050.jpg HTTP/1.1" 304 -
::1 - - [25/Jul/2026 03:17:21] "GET /assets/images/calacatta_marble_tile_1784936188089.jpg HTTP/1.1" 304 -
::1 - - [25/Jul/2026 03:17:21] "GET /assets/images/spc_wood_laminate_1784936474007.jpg HTTP/1.1" 304 -
::1 - - [25/Jul/2026 03:17:21] "GET /assets/images/onyx_emerald_tile_1784936199442.jpg HTTP/1.1" 304 -
::1 - - [25/Jul/2026 03:17:25] "GET /assets/images/concrete_travertine_tile_1784936486162.jpg HTTP/1.1" 304 -
::1 - - [25/Jul/2026 03:19:59] "GET / HTTP/1.1" 200 -
::1 - - [25/Jul/2026 03:19:59] "GET /styles.css HTTP/1.1" 200 -
::1 - - [25/Jul/2026 03:19:59] "GET /app.js HTTP/1.1" 200 -
::1 - - [25/Jul/2026 03:20:32] "GET / HTTP/1.1" 304 -
::1 - - [25/Jul/2026 03:20:32] "GET /styles.css HTTP/1.1" 304 -
::1 - - [25/Jul/2026 03:20:32] "GET /app.js HTTP/1.1" 304 -
::1 - - [25/Jul/2026 03:20:36] "GET / HTTP/1.1" 304 -
::1 - - [25/Jul/2026 03:23:33] "GET / HTTP/1.1" 200 -
::1 - - [25/Jul/2026 03:23:33] "GET /assets/images/hero_tile_bg_1784936174808.jpg HTTP/1.1" 304 -
::1 - - [25/Jul/2026 03:23:33] "GET /styles.css HTTP/1.1" 200 -
::1 - - [25/Jul/2026 03:23:33] "GET /app.js HTTP/1.1" 200 -
::1 - - [25/Jul/2026 03:23:34] "GET /assets/images/3d_bathroom_showcase_1784936213050.jpg HTTP/1.1" 304 -
::1 - - [25/Jul/2026 03:23:36] "GET / HTTP/1.1" 200 -
::1 - - [25/Jul/2026 03:23:36] "GET /styles.css HTTP/1.1" 200 -
::1 - - [25/Jul/2026 03:23:36] "GET /assets/images/hero_tile_bg_1784936174808.jpg HTTP/1.1" 200 -
::1 - - [25/Jul/2026 03:23:36] "GET /app.js HTTP/1.1" 200 -
::1 - - [25/Jul/2026 03:23:37] "GET /assets/images/3d_bathroom_showcase_1784936213050.jpg HTTP/1.1" 200 -
::1 - - [25/Jul/2026 03:23:38] code 404, message File not found
::1 - - [25/Jul/2026 03:23:38] "GET /favicon.ico HTTP/1.1" 404 -
::1 - - [25/Jul/2026 03:23:38] "GET /assets/images/onyx_emerald_tile_1784936199442.jpg HTTP/1.1" 200 -
::1 - - [25/Jul/2026 03:23:38] "GET /assets/images/spc_wood_laminate_1784936474007.jpg HTTP/1.1" 200 -
::1 - - [25/Jul/2026 03:23:38] "GET /assets/images/calacatta_marble_tile_1784936188089.jpg HTTP/1.1" 200 -
::1 - - [25/Jul/2026 03:23:42] "GET /assets/images/concrete_travertine_tile_1784936486162.jpg HTTP/1.1" 200 -
