::1 - - [25/Jul/2026 04:05:45] "GET / HTTP/1.1" 200 -
::1 - - [25/Jul/2026 04:05:45] "GET /styles.css HTTP/1.1" 200 -
::1 - - [25/Jul/2026 04:05:45] "GET /app.js HTTP/1.1" 200 -
::1 - - [25/Jul/2026 04:05:45] "GET /assets/images/hero_tile_bg_1784936174808.jpg HTTP/1.1" 304 -
::1 - - [25/Jul/2026 04:05:45] "GET /assets/images/3d_bathroom_showcase_1784936213050.jpg HTTP/1.1" 304 -
::1 - - [25/Jul/2026 04:05:45] "GET /Ultra_realistic_luxury_interio.mp4 HTTP/1.1" 200 -
::1 - - [25/Jul/2026 04:05:53] "GET /assets/images/onyx_emerald_tile_1784936199442.jpg HTTP/1.1" 304 -
::1 - - [25/Jul/2026 04:05:53] "GET /assets/images/calacatta_marble_tile_1784936188089.jpg HTTP/1.1" 304 -
::1 - - [25/Jul/2026 04:05:53] "GET /assets/images/spc_wood_laminate_1784936474007.jpg HTTP/1.1" 304 -
::1 - - [25/Jul/2026 04:06:00] "GET /assets/images/concrete_travertine_tile_1784936486162.jpg HTTP/1.1" 304 -
::1 - - [25/Jul/2026 04:07:22] "GET / HTTP/1.1" 304 -
::1 - - [25/Jul/2026 04:07:22] "GET /styles.css HTTP/1.1" 200 -
::1 - - [25/Jul/2026 04:07:22] "GET /app.js HTTP/1.1" 200 -
::1 - - [25/Jul/2026 04:07:22] "GET /Ultra_realistic_luxury_interio.mp4 HTTP/1.1" 304 -
::1 - - [25/Jul/2026 04:10:13] "GET / HTTP/1.1" 304 -
::1 - - [25/Jul/2026 04:10:14] "GET /styles.css HTTP/1.1" 304 -
::1 - - [25/Jul/2026 04:10:14] "GET /app.js HTTP/1.1" 200 -
::1 - - [25/Jul/2026 04:10:14] "GET /Ultra_realistic_luxury_interio.mp4 HTTP/1.1" 304 -
::1 - - [25/Jul/2026 04:18:05] "GET / HTTP/1.1" 200 -
::1 - - [25/Jul/2026 04:18:05] "GET /styles.css HTTP/1.1" 200 -
::1 - - [25/Jul/2026 04:18:05] "GET /assets/images/hero_tile_bg_1784936174808.jpg HTTP/1.1" 200 -
::1 - - [25/Jul/2026 04:18:05] "GET /app.js HTTP/1.1" 200 -
::1 - - [25/Jul/2026 04:18:06] "GET /Ultra_realistic_luxury_interio.mp4 HTTP/1.1" 200 -
::1 - - [25/Jul/2026 04:18:06] "GET /Ultra_realistic_luxury_interio.mp4 HTTP/1.1" 200 -
::1 - - [25/Jul/2026 04:18:06] "GET /assets/images/3d_bathroom_showcase_1784936213050.jpg HTTP/1.1" 200 -
::1 - - [25/Jul/2026 04:18:07] code 404, message File not found
::1 - - [25/Jul/2026 04:18:07] "GET /favicon.ico HTTP/1.1" 404 -
::1 - - [25/Jul/2026 04:18:07] "GET / HTTP/1.1" 200 -
::1 - - [25/Jul/2026 04:18:08] "GET /app.js HTTP/1.1" 200 -
::1 - - [25/Jul/2026 04:18:08] "GET /styles.css HTTP/1.1" 200 -
::1 - - [25/Jul/2026 04:18:08] "GET /assets/images/hero_tile_bg_1784936174808.jpg HTTP/1.1" 200 -
::1 - - [25/Jul/2026 04:18:08] "GET /assets/images/3d_bathroom_showcase_1784936213050.jpg HTTP/1.1" 200 -
::1 - - [25/Jul/2026 04:18:08] "GET /Ultra_realistic_luxury_interio.mp4 HTTP/1.1" 200 -
::1 - - [25/Jul/2026 04:18:08] "GET /Ultra_realistic_luxury_interio.mp4 HTTP/1.1" 200 -
::1 - - [25/Jul/2026 04:18:08] code 404, message File not found
::1 - - [25/Jul/2026 04:18:08] "GET /favicon.ico HTTP/1.1" 404 -
::1 - - [25/Jul/2026 04:18:11] "GET /assets/images/onyx_emerald_tile_1784936199442.jpg HTTP/1.1" 200 -
::1 - - [25/Jul/2026 04:18:11] "GET /assets/images/calacatta_marble_tile_1784936188089.jpg HTTP/1.1" 200 -
::1 - - [25/Jul/2026 04:18:11] "GET /assets/images/spc_wood_laminate_1784936474007.jpg HTTP/1.1" 200 -
::1 - - [25/Jul/2026 04:18:17] "GET /assets/images/concrete_travertine_tile_1784936486162.jpg HTTP/1.1" 200 -
::1 - - [25/Jul/2026 04:24:46] "GET / HTTP/1.1" 200 -
::1 - - [25/Jul/2026 04:24:46] "GET /styles.css HTTP/1.1" 200 -
::1 - - [25/Jul/2026 04:24:46] "GET /app.js HTTP/1.1" 200 -
::1 - - [25/Jul/2026 04:24:46] "GET /%D0%BF%D1%80%D0%BE%D0%BB%D0%B5%D1%82_%D0%B4%D0%BE%D0%BB%D0%B6%D0%B5%D0%BD_%D0%BD%D0%B0%D1%87%D0%B8%D0%BD%D0%B0%D1%82%D1%8C%D1%81%D1%8F_%D1%81_%D0%B2%D0%B0%D0%BD.mp4 HTTP/1.1" 200 -
::1 - - [25/Jul/2026 04:25:11] "GET / HTTP/1.1" 304 -
::1 - - [25/Jul/2026 04:25:11] "GET /styles.css HTTP/1.1" 304 -
::1 - - [25/Jul/2026 04:25:11] "GET /app.js HTTP/1.1" 304 -
::1 - - [25/Jul/2026 04:34:09] "GET / HTTP/1.1" 200 -
::1 - - [25/Jul/2026 04:34:09] "GET /app.js HTTP/1.1" 200 -
::1 - - [25/Jul/2026 04:34:09] "GET /styles.css HTTP/1.1" 200 -
::1 - - [25/Jul/2026 04:34:09] "GET /%D0%BF%D1%80%D0%BE%D0%BB%D0%B5%D1%82_%D0%B4%D0%BE%D0%BB%D0%B6%D0%B5%D0%BD_%D0%BD%D0%B0%D1%87%D0%B8%D0%BD%D0%B0%D1%82%D1%8C%D1%81%D1%8F_%D1%81_%D0%B2%D0%B0%D0%BD.mp4 HTTP/1.1" 304 -
::1 - - [25/Jul/2026 04:34:09] "GET /assets/images/3d_bathroom_showcase_1784936213050.jpg HTTP/1.1" 304 -
::1 - - [25/Jul/2026 04:38:39] "GET / HTTP/1.1" 200 -
::1 - - [25/Jul/2026 04:38:39] "GET /app.js HTTP/1.1" 200 -
::1 - - [25/Jul/2026 04:38:39] "GET /styles.css HTTP/1.1" 200 -
::1 - - [25/Jul/2026 04:38:39] "GET /%D0%BF%D1%80%D0%BE%D0%BB%D0%B5%D1%82_%D0%B4%D0%BE%D0%BB%D0%B6%D0%B5%D0%BD_%D0%BD%D0%B0%D1%87%D0%B8%D0%BD%D0%B0%D1%82%D1%8C%D1%81%D1%8F_%D1%81_%D0%B2%D0%B0%D0%BD.mp4 HTTP/1.1" 304 -
::1 - - [25/Jul/2026 04:40:28] "GET / HTTP/1.1" 304 -
::1 - - [25/Jul/2026 04:40:28] "GET /styles.css HTTP/1.1" 200 -
::1 - - [25/Jul/2026 04:40:28] "GET /app.js HTTP/1.1" 304 -
::1 - - [25/Jul/2026 17:11:24] "GET / HTTP/1.1" 304 -
::1 - - [25/Jul/2026 17:11:24] "GET /styles.css HTTP/1.1" 304 -
::1 - - [25/Jul/2026 17:11:24] "GET /app.js HTTP/1.1" 304 -
::1 - - [25/Jul/2026 17:11:24] "GET /assets/images/3d_bathroom_showcase_1784936213050.jpg HTTP/1.1" 304 -
::1 - - [25/Jul/2026 17:11:24] "GET /%D0%BF%D1%80%D0%BE%D0%BB%D0%B5%D1%82_%D0%B4%D0%BE%D0%BB%D0%B6%D0%B5%D0%BD_%D0%BD%D0%B0%D1%87%D0%B8%D0%BD%D0%B0%D1%82%D1%8C%D1%81%D1%8F_%D1%81_%D0%B2%D0%B0%D0%BD.mp4 HTTP/1.1" 304 -
::1 - - [25/Jul/2026 17:15:40] "GET / HTTP/1.1" 304 -
::1 - - [25/Jul/2026 17:56:36] "GET / HTTP/1.1" 304 -
::1 - - [25/Jul/2026 17:56:37] "GET / HTTP/1.1" 304 -
::1 - - [25/Jul/2026 18:02:36] "GET / HTTP/1.1" 200 -
::1 - - [25/Jul/2026 18:02:36] "GET /hero_video_looped.mp4 HTTP/1.1" 200 -
::1 - - [26/Jul/2026 23:12:36] "GET / HTTP/1.1" 304 -
::1 - - [26/Jul/2026 23:12:36] "GET /app.js HTTP/1.1" 200 -
::1 - - [26/Jul/2026 23:12:36] "GET /styles.css HTTP/1.1" 304 -
::1 - - [26/Jul/2026 23:12:36] "GET /hero_video_looped.mp4 HTTP/1.1" 304 -
::1 - - [26/Jul/2026 23:12:36] "GET /assets/images/3d_bathroom_showcase_1784936213050.jpg HTTP/1.1" 304 -
::1 - - [26/Jul/2026 23:13:04] "GET / HTTP/1.1" 304 -
::1 - - [27/Jul/2026 23:43:31] "GET /hero_video_looped.mp4 HTTP/1.1" 304 -
