Collecting beautifulsoup4
  Downloading beautifulsoup4-4.15.0-py3-none-any.whl.metadata (3.8 kB)
Collecting requests
  Downloading requests-2.34.2-py3-none-any.whl.metadata (4.8 kB)
Collecting soupsieve>=1.6.1 (from beautifulsoup4)
  Downloading soupsieve-2.9.1-py3-none-any.whl.metadata (4.6 kB)
Collecting typing-extensions>=4.0.0 (from beautifulsoup4)
  Downloading typing_extensions-4.16.0-py3-none-any.whl.metadata (3.3 kB)
Collecting charset_normalizer<4,>=2 (from requests)
  Using cached charset_normalizer-3.4.9-cp314-cp314-macosx_10_15_universal2.whl.metadata (41 kB)
Collecting idna<4,>=2.5 (from requests)
  Downloading idna-3.18-py3-none-any.whl.metadata (6.1 kB)
Collecting urllib3<3,>=1.26 (from requests)
  Downloading urllib3-2.7.0-py3-none-any.whl.metadata (6.9 kB)
Collecting certifi>=2023.5.7 (from requests)
  Downloading certifi-2026.7.22-py3-none-any.whl.metadata (2.5 kB)
Downloading beautifulsoup4-4.15.0-py3-none-any.whl (109 kB)
Downloading requests-2.34.2-py3-none-any.whl (73 kB)
Using cached charset_normalizer-3.4.9-cp314-cp314-macosx_10_15_universal2.whl (317 kB)
Downloading idna-3.18-py3-none-any.whl (65 kB)
Downloading urllib3-2.7.0-py3-none-any.whl (131 kB)
Downloading certifi-2026.7.22-py3-none-any.whl (136 kB)
Downloading soupsieve-2.9.1-py3-none-any.whl (37 kB)
Downloading typing_extensions-4.16.0-py3-none-any.whl (45 kB)
Installing collected packages: urllib3, typing-extensions, soupsieve, idna, charset_normalizer, certifi, requests, beautifulsoup4

Successfully installed beautifulsoup4-4.15.0 certifi-2026.7.22 charset_normalizer-3.4.9 idna-3.18 requests-2.34.2 soupsieve-2.9.1 typing-extensions-4.16.0 urllib3-2.7.0
