::1 - - [25/Jul/2026 02:42:37] "HEAD / HTTP/1.1" 200 -
::1 - - [25/Jul/2026 02:42:37] "GET / HTTP/1.1" 200 -
::1 - - [25/Jul/2026 02:43:18] "GET / HTTP/1.1" 200 -
::1 - - [25/Jul/2026 02:43:18] "GET /assets/images/hero_tile_bg_1784936174808.jpg HTTP/1.1" 200 -
::1 - - [25/Jul/2026 02:43:18] "GET /styles.css HTTP/1.1" 200 -
::1 - - [25/Jul/2026 02:43:18] "GET /assets/images/3d_bathroom_showcase_1784936213050.jpg HTTP/1.1" 200 -
::1 - - [25/Jul/2026 02:43:18] "GET /app.js HTTP/1.1" 200 -
::1 - - [25/Jul/2026 02:43:19] "GET /assets/images/calacatta_marble_tile_1784936188089.jpg HTTP/1.1" 200 -
::1 - - [25/Jul/2026 02:43:19] "GET /assets/images/concrete_travertine_tile_1784936486162.jpg HTTP/1.1" 200 -
::1 - - [25/Jul/2026 02:43:19] "GET /assets/images/onyx_emerald_tile_1784936199442.jpg HTTP/1.1" 200 -
::1 - - [25/Jul/2026 02:43:19] "GET /assets/images/spc_wood_laminate_1784936474007.jpg HTTP/1.1" 200 -
::1 - - [25/Jul/2026 02:43:21] code 404, message File not found
::1 - - [25/Jul/2026 02:43:21] "GET /favicon.ico HTTP/1.1" 404 -
::1 - - [25/Jul/2026 02:44:33] "HEAD / HTTP/1.1" 200 -
::1 - - [25/Jul/2026 02:44:33] "GET / HTTP/1.1" 200 -
::1 - - [25/Jul/2026 02:45:53] "GET / HTTP/1.1" 200 -
::1 - - [25/Jul/2026 02:45:53] "GET /styles.css HTTP/1.1" 200 -
::1 - - [25/Jul/2026 02:45:53] "GET /assets/images/3d_bathroom_showcase_1784936213050.jpg HTTP/1.1" 304 -
::1 - - [25/Jul/2026 02:45:53] "GET /app.js HTTP/1.1" 200 -
::1 - - [25/Jul/2026 02:45:54] "GET /assets/images/concrete_travertine_tile_1784936486162.jpg HTTP/1.1" 304 -
::1 - - [25/Jul/2026 02:45:54] "GET /assets/images/hero_tile_bg_1784936174808.jpg HTTP/1.1" 304 -
::1 - - [25/Jul/2026 02:45:54] "GET /assets/images/calacatta_marble_tile_1784936188089.jpg HTTP/1.1" 304 -
::1 - - [25/Jul/2026 02:45:54] "GET /assets/images/onyx_emerald_tile_1784936199442.jpg HTTP/1.1" 304 -
::1 - - [25/Jul/2026 02:45:54] "GET /assets/images/spc_wood_laminate_1784936474007.jpg HTTP/1.1" 304 -
::1 - - [25/Jul/2026 02:46:57] "HEAD / HTTP/1.1" 200 -
::1 - - [25/Jul/2026 02:46:57] "GET / HTTP/1.1" 200 -
::1 - - [25/Jul/2026 02:47:45] "GET / HTTP/1.1" 200 -
::1 - - [25/Jul/2026 02:47:45] "GET /styles.css HTTP/1.1" 200 -
::1 - - [25/Jul/2026 02:47:45] "GET /assets/images/3d_bathroom_showcase_1784936213050.jpg HTTP/1.1" 304 -
::1 - - [25/Jul/2026 02:47:45] "GET /app.js HTTP/1.1" 304 -
::1 - - [25/Jul/2026 02:47:45] "GET /assets/images/hero_tile_bg_1784936174808.jpg HTTP/1.1" 304 -
::1 - - [25/Jul/2026 02:47:45] "GET /assets/images/calacatta_marble_tile_1784936188089.jpg HTTP/1.1" 304 -
::1 - - [25/Jul/2026 02:47:45] "GET /assets/images/spc_wood_laminate_1784936474007.jpg HTTP/1.1" 304 -
::1 - - [25/Jul/2026 02:47:45] "GET /assets/images/concrete_travertine_tile_1784936486162.jpg HTTP/1.1" 304 -
::1 - - [25/Jul/2026 02:47:45] "GET /assets/images/onyx_emerald_tile_1784936199442.jpg HTTP/1.1" 304 -
